     1                                  [org 0x0100]
     2                                      
     3 00000000 E91500                    jmp start     
     4                                   
     5 00000003 3C0037002D003200D8-     data:dw 60,55,45,50,-40,-35,25,30,10,0
     6 0000000C FFDDFF19001E000A00-
     7 00000015 0000               
     8 00000017 00                      swap: db 0
     9                                  
    10 00000018 BB0000                  start:mov bx,0
    11 0000001B C606[1700]00                  mov byte[swap],0
    12                                  
    13 00000020 8B87[0300]              loop1: mov ax,[data+bx]
    14 00000024 3B87[0500]                     cmp ax,[data+bx+2]
    15 00000028 7611                            jbe nowsap
    16                                  
    17 0000002A 8B97[0500]                      mov dx,[data+bx+2]
    18 0000002E 8987[0500]                      mov[data+bx+2],ax
    19 00000032 8997[0300]                      mov[data+bx],dx
    20 00000036 C606[1700]01                    mov byte[swap],1
    21                                  
    22 0000003B 81C30200                nowsap: add bx, 2
    23 0000003F 81FB1200                        cmp bx, 18
    24 00000043 75DB                             jne loop1
    25                                  
    26 00000045 803E[1700]01                     cmp byte[swap],1
    27 0000004A 74CC                              je start
    28                                  
    29 0000004C B8004C                      mov ax,0x4c00
    30 0000004F CD21                             int 0x21     
